GUID['A'] = '065B4648000000000000000000000000';
var availableVariables = [
['GVL.motor1.idComponente','s','A;25;4;59152;8'],
['GVL.motor1.idErp','s','A;25;4;59178;8'],
['GVL.motor1.nomeComponente','s','A;50;4;59204;8'],
['GVL.motor1.tipoComponente','s','A;25;4;59255;8'],
['GVL.motor1.ciclosTotais','U','A;4;4;59284;8'],
['GVL.motor1.horasTotais','U','A;4;4;59288;8'],
['GVL.oeeMaquina.nomeProduto','s','A;25;4;59304;8'],
['GVL.oeeMaquina.nomeUsuario','s','A;25;4;59330;8'],
['GVL.oeeMaquina.estadoMaquina','i','A;2;4;59356;8'],
['GVL.oeeMaquina.producaoTotal','U','A;4;4;59360;8'],
['GVL.oeeMaquina.ciclosTotal','T','A;8;4;59368;8'],
['GVL.oeeMaquina.minutosTotal','T','A;8;4;59376;8'],
['GVL.oeeMaquina.rejeitosTotal','T','A;8;4;59384;8'],
['GVL.oeeMaquina.insumoTotal[1]','T','A;8;4;59392;8'],
['GVL.oeeMaquina.insumoTotal[2]','T','A;8;4;59400;8'],
['GVL.oeeMaquina.insumoTotal[3]','T','A;8;4;59408;8'],
['GVL.oeeMaquina.insumoTotal[4]','T','A;8;4;59416;8'],
['GVL.oeeMaquina.insumoTotal[5]','T','A;8;4;59424;8'],
['GVL.oeeMaquina.insumoTotal[6]','T','A;8;4;59432;8'],
['GVL.oeeMaquina.bAlarme[1]','b','A;1;4;59440;8'],
['GVL.oeeMaquina.bAlarme[2]','b','A;1;4;59441;8'],
['GVL.oeeMaquina.bAlarme[3]','b','A;1;4;59442;8'],
['GVL.oeeMaquina.bAlarme[4]','b','A;1;4;59443;8'],
['GVL.oeeMaquina.bAlarme[5]','b','A;1;4;59444;8'],
['GVL.oeeMaquina.bAlarme[6]','b','A;1;4;59445;8'],
['GVL.oeeMaquina.bAlarme[7]','b','A;1;4;59446;8'],
['GVL.oeeMaquina.bAlarme[8]','b','A;1;4;59447;8'],
['GVL.oeeMaquina.bAlarme[9]','b','A;1;4;59448;8'],
['GVL.oeeMaquina.bAlarme[10]','b','A;1;4;59449;8'],
['GVL.oeeMaquina.bAlarme[11]','b','A;1;4;59450;8'],
['GVL.oeeMaquina.bAlarme[12]','b','A;1;4;59451;8'],
['GVL.oeeMaquina.bAlarme[13]','b','A;1;4;59452;8'],
['GVL.oeeMaquina.bAlarme[14]','b','A;1;4;59453;8'],
['GVL.oeeMaquina.bAlarme[15]','b','A;1;4;59454;8'],
['GVL.oeeMaquina.bAlarme[16]','b','A;1;4;59455;8'],
['GVL.oeeMaquina.bAlarme[17]','b','A;1;4;59456;8'],
['GVL.oeeMaquina.bAlarme[18]','b','A;1;4;59457;8'],
['GVL.oeeMaquina.bAlarme[19]','b','A;1;4;59458;8'],
['GVL.oeeMaquina.bAlarme[20]','b','A;1;4;59459;8'],
['GVL.oeeMaquina.bAlarme[21]','b','A;1;4;59460;8'],
['GVL.oeeMaquina.bAlarme[22]','b','A;1;4;59461;8'],
['GVL.oeeMaquina.bAlarme[23]','b','A;1;4;59462;8'],
['GVL.oeeMaquina.bAlarme[24]','b','A;1;4;59463;8'],
['GVL.oeeMaquina.bAlarme[25]','b','A;1;4;59464;8'],
['GVL.oeeMaquina.bAlarme[26]','b','A;1;4;59465;8'],
['GVL.oeeMaquina.bAlarme[27]','b','A;1;4;59466;8'],
['GVL.oeeMaquina.bAlarme[28]','b','A;1;4;59467;8'],
['GVL.oeeMaquina.bAlarme[29]','b','A;1;4;59468;8'],
['GVL.oeeMaquina.bAlarme[30]','b','A;1;4;59469;8'],
['GVL.oeeMaquina.bAlarme[31]','b','A;1;4;59470;8'],
['GVL.oeeMaquina.bAlarme[32]','b','A;1;4;59471;8'],
['GVL.oeeMaquina.bAlarme[33]','b','A;1;4;59472;8'],
['GVL.oeeMaquina.bAlarme[34]','b','A;1;4;59473;8'],
['GVL.oeeMaquina.bAlarme[35]','b','A;1;4;59474;8'],
['GVL.oeeMaquina.bAlarme[36]','b','A;1;4;59475;8'],
['GVL.oeeMaquina.bAlarme[37]','b','A;1;4;59476;8'],
['GVL.oeeMaquina.bAlarme[38]','b','A;1;4;59477;8'],
['GVL.oeeMaquina.bAlarme[39]','b','A;1;4;59478;8'],
['GVL.oeeMaquina.bAlarme[40]','b','A;1;4;59479;8'],
['GVL.oeeMaquina.bAlarme[41]','b','A;1;4;59480;8'],
['GVL.oeeMaquina.bAlarme[42]','b','A;1;4;59481;8'],
['GVL.oeeMaquina.bAlarme[43]','b','A;1;4;59482;8'],
['GVL.oeeMaquina.bAlarme[44]','b','A;1;4;59483;8'],
['GVL.oeeMaquina.bAlarme[45]','b','A;1;4;59484;8'],
['GVL.oeeMaquina.bAlarme[46]','b','A;1;4;59485;8'],
['GVL.oeeMaquina.bAlarme[47]','b','A;1;4;59486;8'],
['GVL.oeeMaquina.bAlarme[48]','b','A;1;4;59487;8'],
['GVL.oeeMaquina.bAlarme[49]','b','A;1;4;59488;8'],
['GVL.oeeMaquina.bAlarme[50]','b','A;1;4;59489;8'],
['GVL.oeeMaquina.bAlarme[51]','b','A;1;4;59490;8'],
['GVL.oeeMaquina.bAlarme[52]','b','A;1;4;59491;8'],
['GVL.oeeMaquina.bAlarme[53]','b','A;1;4;59492;8'],
['GVL.oeeMaquina.bAlarme[54]','b','A;1;4;59493;8'],
['GVL.oeeMaquina.bAlarme[55]','b','A;1;4;59494;8'],
['GVL.oeeMaquina.bAlarme[56]','b','A;1;4;59495;8'],
['GVL.oeeMaquina.bAlarme[57]','b','A;1;4;59496;8'],
['GVL.oeeMaquina.bAlarme[58]','b','A;1;4;59497;8'],
['GVL.oeeMaquina.bAlarme[59]','b','A;1;4;59498;8'],
['GVL.oeeMaquina.bAlarme[60]','b','A;1;4;59499;8'],
['GVL.oeeMaquina.bAlarme[61]','b','A;1;4;59500;8'],
['GVL.oeeMaquina.bAlarme[62]','b','A;1;4;59501;8'],
['GVL.oeeMaquina.bAlarme[63]','b','A;1;4;59502;8'],
['GVL.oeeMaquina.bAlarme[64]','b','A;1;4;59503;8'],
['GVL.oeeMaquina.bAlarme[65]','b','A;1;4;59504;8'],
['GVL.oeeMaquina.bAlarme[66]','b','A;1;4;59505;8'],
['GVL.oeeMaquina.bAlarme[67]','b','A;1;4;59506;8'],
['GVL.oeeMaquina.bAlarme[68]','b','A;1;4;59507;8'],
['GVL.oeeMaquina.bAlarme[69]','b','A;1;4;59508;8'],
['GVL.oeeMaquina.bAlarme[70]','b','A;1;4;59509;8'],
['GVL.oeeMaquina.bAlarme[71]','b','A;1;4;59510;8'],
['GVL.oeeMaquina.bAlarme[72]','b','A;1;4;59511;8'],
['GVL.oeeMaquina.bAlarme[73]','b','A;1;4;59512;8'],
['GVL.oeeMaquina.bAlarme[74]','b','A;1;4;59513;8'],
['GVL.oeeMaquina.bAlarme[75]','b','A;1;4;59514;8'],
['GVL.oeeMaquina.bAlarme[76]','b','A;1;4;59515;8'],
['GVL.oeeMaquina.bAlarme[77]','b','A;1;4;59516;8'],
['GVL.oeeMaquina.bAlarme[78]','b','A;1;4;59517;8'],
['GVL.oeeMaquina.bAlarme[79]','b','A;1;4;59518;8'],
['GVL.oeeMaquina.bAlarme[80]','b','A;1;4;59519;8'],
['GVL.oeeMaquina.bAlarme[81]','b','A;1;4;59520;8'],
['GVL.oeeMaquina.bAlarme[82]','b','A;1;4;59521;8'],
['GVL.oeeMaquina.bAlarme[83]','b','A;1;4;59522;8'],
['GVL.oeeMaquina.bAlarme[84]','b','A;1;4;59523;8'],
['GVL.oeeMaquina.bAlarme[85]','b','A;1;4;59524;8'],
['GVL.oeeMaquina.bAlarme[86]','b','A;1;4;59525;8'],
['GVL.oeeMaquina.bAlarme[87]','b','A;1;4;59526;8'],
['GVL.oeeMaquina.bAlarme[88]','b','A;1;4;59527;8'],
['GVL.oeeMaquina.bAlarme[89]','b','A;1;4;59528;8'],
['GVL.oeeMaquina.bAlarme[90]','b','A;1;4;59529;8'],
['GVL.oeeMaquina.bAlarme[91]','b','A;1;4;59530;8'],
['GVL.oeeMaquina.bAlarme[92]','b','A;1;4;59531;8'],
['GVL.oeeMaquina.bAlarme[93]','b','A;1;4;59532;8'],
['GVL.oeeMaquina.bAlarme[94]','b','A;1;4;59533;8'],
['GVL.oeeMaquina.bAlarme[95]','b','A;1;4;59534;8'],
['GVL.oeeMaquina.bAlarme[96]','b','A;1;4;59535;8'],
['GVL.oeeMaquina.bAlarme[97]','b','A;1;4;59536;8'],
['GVL.oeeMaquina.bAlarme[98]','b','A;1;4;59537;8'],
['GVL.oeeMaquina.bAlarme[99]','b','A;1;4;59538;8'],
['GVL.oeeMaquina.bAlarme[100]','b','A;1;4;59539;8'],
['GVL.oeeMaquina.bAviso[1]','b','A;1;4;59540;8'],
['GVL.oeeMaquina.bAviso[2]','b','A;1;4;59541;8'],
['GVL.oeeMaquina.bAviso[3]','b','A;1;4;59542;8'],
['GVL.oeeMaquina.bAviso[4]','b','A;1;4;59543;8'],
['GVL.oeeMaquina.bAviso[5]','b','A;1;4;59544;8'],
['GVL.oeeMaquina.bAviso[6]','b','A;1;4;59545;8'],
['GVL.oeeMaquina.bAviso[7]','b','A;1;4;59546;8'],
['GVL.oeeMaquina.bAviso[8]','b','A;1;4;59547;8'],
['GVL.oeeMaquina.bAviso[9]','b','A;1;4;59548;8'],
['GVL.oeeMaquina.bAviso[10]','b','A;1;4;59549;8'],
['GVL.oeeMaquina.bAviso[11]','b','A;1;4;59550;8'],
['GVL.oeeMaquina.bAviso[12]','b','A;1;4;59551;8'],
['GVL.oeeMaquina.bAviso[13]','b','A;1;4;59552;8'],
['GVL.oeeMaquina.bAviso[14]','b','A;1;4;59553;8'],
['GVL.oeeMaquina.bAviso[15]','b','A;1;4;59554;8'],
['GVL.oeeMaquina.bAviso[16]','b','A;1;4;59555;8'],
['GVL.oeeMaquina.bAviso[17]','b','A;1;4;59556;8'],
['GVL.oeeMaquina.bAviso[18]','b','A;1;4;59557;8'],
['GVL.oeeMaquina.bAviso[19]','b','A;1;4;59558;8'],
['GVL.oeeMaquina.bAviso[20]','b','A;1;4;59559;8'],
['GVL.oeeMaquina.bAviso[21]','b','A;1;4;59560;8'],
['GVL.oeeMaquina.bAviso[22]','b','A;1;4;59561;8'],
['GVL.oeeMaquina.bAviso[23]','b','A;1;4;59562;8'],
['GVL.oeeMaquina.bAviso[24]','b','A;1;4;59563;8'],
['GVL.oeeMaquina.bAviso[25]','b','A;1;4;59564;8'],
['GVL.oeeMaquina.bAviso[26]','b','A;1;4;59565;8'],
['GVL.oeeMaquina.bAviso[27]','b','A;1;4;59566;8'],
['GVL.oeeMaquina.bAviso[28]','b','A;1;4;59567;8'],
['GVL.oeeMaquina.bAviso[29]','b','A;1;4;59568;8'],
['GVL.oeeMaquina.bAviso[30]','b','A;1;4;59569;8'],
['GVL.oeeMaquina.bAviso[31]','b','A;1;4;59570;8'],
['GVL.oeeMaquina.bAviso[32]','b','A;1;4;59571;8'],
['GVL.oeeMaquina.bAviso[33]','b','A;1;4;59572;8'],
['GVL.oeeMaquina.bAviso[34]','b','A;1;4;59573;8'],
['GVL.oeeMaquina.bAviso[35]','b','A;1;4;59574;8'],
['GVL.oeeMaquina.bAviso[36]','b','A;1;4;59575;8'],
['GVL.oeeMaquina.bAviso[37]','b','A;1;4;59576;8'],
['GVL.oeeMaquina.bAviso[38]','b','A;1;4;59577;8'],
['GVL.oeeMaquina.bAviso[39]','b','A;1;4;59578;8'],
['GVL.oeeMaquina.bAviso[40]','b','A;1;4;59579;8'],
['GVL.oeeMaquina.bAviso[41]','b','A;1;4;59580;8'],
['GVL.oeeMaquina.bAviso[42]','b','A;1;4;59581;8'],
['GVL.oeeMaquina.bAviso[43]','b','A;1;4;59582;8'],
['GVL.oeeMaquina.bAviso[44]','b','A;1;4;59583;8'],
['GVL.oeeMaquina.bAviso[45]','b','A;1;4;59584;8'],
['GVL.oeeMaquina.bAviso[46]','b','A;1;4;59585;8'],
['GVL.oeeMaquina.bAviso[47]','b','A;1;4;59586;8'],
['GVL.oeeMaquina.bAviso[48]','b','A;1;4;59587;8'],
['GVL.oeeMaquina.bAviso[49]','b','A;1;4;59588;8'],
['GVL.oeeMaquina.bAviso[50]','b','A;1;4;59589;8'],
['GVL.oeeMaquina.bAviso[51]','b','A;1;4;59590;8'],
['GVL.oeeMaquina.bAviso[52]','b','A;1;4;59591;8'],
['GVL.oeeMaquina.bAviso[53]','b','A;1;4;59592;8'],
['GVL.oeeMaquina.bAviso[54]','b','A;1;4;59593;8'],
['GVL.oeeMaquina.bAviso[55]','b','A;1;4;59594;8'],
['GVL.oeeMaquina.bAviso[56]','b','A;1;4;59595;8'],
['GVL.oeeMaquina.bAviso[57]','b','A;1;4;59596;8'],
['GVL.oeeMaquina.bAviso[58]','b','A;1;4;59597;8'],
['GVL.oeeMaquina.bAviso[59]','b','A;1;4;59598;8'],
['GVL.oeeMaquina.bAviso[60]','b','A;1;4;59599;8'],
['GVL.oeeMaquina.bAviso[61]','b','A;1;4;59600;8'],
['GVL.oeeMaquina.bAviso[62]','b','A;1;4;59601;8'],
['GVL.oeeMaquina.bAviso[63]','b','A;1;4;59602;8'],
['GVL.oeeMaquina.bAviso[64]','b','A;1;4;59603;8'],
['GVL.oeeMaquina.bAviso[65]','b','A;1;4;59604;8'],
['GVL.oeeMaquina.bAviso[66]','b','A;1;4;59605;8'],
['GVL.oeeMaquina.bAviso[67]','b','A;1;4;59606;8'],
['GVL.oeeMaquina.bAviso[68]','b','A;1;4;59607;8'],
['GVL.oeeMaquina.bAviso[69]','b','A;1;4;59608;8'],
['GVL.oeeMaquina.bAviso[70]','b','A;1;4;59609;8'],
['GVL.oeeMaquina.bAviso[71]','b','A;1;4;59610;8'],
['GVL.oeeMaquina.bAviso[72]','b','A;1;4;59611;8'],
['GVL.oeeMaquina.bAviso[73]','b','A;1;4;59612;8'],
['GVL.oeeMaquina.bAviso[74]','b','A;1;4;59613;8'],
['GVL.oeeMaquina.bAviso[75]','b','A;1;4;59614;8'],
['GVL.oeeMaquina.bAviso[76]','b','A;1;4;59615;8'],
['GVL.oeeMaquina.bAviso[77]','b','A;1;4;59616;8'],
['GVL.oeeMaquina.bAviso[78]','b','A;1;4;59617;8'],
['GVL.oeeMaquina.bAviso[79]','b','A;1;4;59618;8'],
['GVL.oeeMaquina.bAviso[80]','b','A;1;4;59619;8'],
['GVL.oeeMaquina.bAviso[81]','b','A;1;4;59620;8'],
['GVL.oeeMaquina.bAviso[82]','b','A;1;4;59621;8'],
['GVL.oeeMaquina.bAviso[83]','b','A;1;4;59622;8'],
['GVL.oeeMaquina.bAviso[84]','b','A;1;4;59623;8'],
['GVL.oeeMaquina.bAviso[85]','b','A;1;4;59624;8'],
['GVL.oeeMaquina.bAviso[86]','b','A;1;4;59625;8'],
['GVL.oeeMaquina.bAviso[87]','b','A;1;4;59626;8'],
['GVL.oeeMaquina.bAviso[88]','b','A;1;4;59627;8'],
['GVL.oeeMaquina.bAviso[89]','b','A;1;4;59628;8'],
['GVL.oeeMaquina.bAviso[90]','b','A;1;4;59629;8'],
['GVL.oeeMaquina.bAviso[91]','b','A;1;4;59630;8'],
['GVL.oeeMaquina.bAviso[92]','b','A;1;4;59631;8'],
['GVL.oeeMaquina.bAviso[93]','b','A;1;4;59632;8'],
['GVL.oeeMaquina.bAviso[94]','b','A;1;4;59633;8'],
['GVL.oeeMaquina.bAviso[95]','b','A;1;4;59634;8'],
['GVL.oeeMaquina.bAviso[96]','b','A;1;4;59635;8'],
['GVL.oeeMaquina.bAviso[97]','b','A;1;4;59636;8'],
['GVL.oeeMaquina.bAviso[98]','b','A;1;4;59637;8'],
['GVL.oeeMaquina.bAviso[99]','b','A;1;4;59638;8'],
['GVL.oeeMaquina.bAviso[100]','b','A;1;4;59639;8'],
['GVL.oeeMaquina.monitoramentoReal[1]','r','A;4;4;59640;8'],
['GVL.oeeMaquina.monitoramentoReal[2]','r','A;4;4;59644;8'],
['GVL.oeeMaquina.monitoramentoReal[3]','r','A;4;4;59648;8'],
['GVL.oeeMaquina.monitoramentoReal[4]','r','A;4;4;59652;8'],
['GVL.oeeMaquina.monitoramentoReal[5]','r','A;4;4;59656;8'],
['GVL.oeeMaquina.monitoramentoReal[6]','r','A;4;4;59660;8'],
['GVL.alarmeIndex','I','A;4;4;59300;8'],
['GVL.avisoIndex','I','A;4;4;59664;8'],
['GVL.bitGerarAlarme','b','A;1;4;12195;8'],
['GVL.bitGerarAviso','b','A;1;4;53914;8'],
['GVL.insumoConsumo','U','A;4;4;59668;8'],
['GVL.ciclosPorMinuto','U','A;4;4;59672;8'],
['GVL.rejeitosPorHora','U','A;4;4;59676;8']
];
